// Jest Snapshot v1, https://goo.gl/fbAQLP

exports[`p8tojs convert creates a JS file with a custom export variable 1`] = `"export const Cartridge = { gfx: '00000000000000000000000000000000000000000000000000000000000000000000000000000000000000000000000000000000000000000000000000000000\\\\n00000000000000000000000000000000000000000000000000000000000000000000000000000000000000000000000000000000000000000000000000000000\\\\n00700700000000000000000000000000000000000000000000000000000000000000000000000000000000000000000000000000000000000000000000000000\\\\n00077000000000000000000000000000000000000000000000000000000000000000000000000000000000000000000000000000000000000000000000000000\\\\n00077000000000000000000000000000000000000000000000000000000000000000000000000000000000000000000000000000000000000000000000000000\\\\n00700700000000000000000000000000000000000000000000000000000000000000000000000000000000000000000000000000000000000000000000000000', lua: '', music: '00 00424344', sfx: '011400000f0500f0500c0500f0500c0500f0500c0500f0500c0500f0500c0500f0500c0500f0500f0500c0500f0500c0500f0500f0500c0500f0500c0500f0500c0500f0500c0500f0500f0500f0500f05000000\\\\n011000000000000000000000000000000000000000000000000000000000000000000000000000000000000000000000000000000000000000000000000000000000000000000000000000000000000000000000' };"`;

exports[`p8tojs convert creates a JS file with a default export 1`] = `"export default { gfx: '00000000000000000000000000000000000000000000000000000000000000000000000000000000000000000000000000000000000000000000000000000000\\\\n00000000000000000000000000000000000000000000000000000000000000000000000000000000000000000000000000000000000000000000000000000000\\\\n00700700000000000000000000000000000000000000000000000000000000000000000000000000000000000000000000000000000000000000000000000000\\\\n00077000000000000000000000000000000000000000000000000000000000000000000000000000000000000000000000000000000000000000000000000000\\\\n00077000000000000000000000000000000000000000000000000000000000000000000000000000000000000000000000000000000000000000000000000000\\\\n00700700000000000000000000000000000000000000000000000000000000000000000000000000000000000000000000000000000000000000000000000000', lua: '', music: '00 00424344', sfx: '011400000f0500f0500c0500f0500c0500f0500c0500f0500c0500f0500c0500f0500c0500f0500f0500c0500f0500c0500f0500f0500c0500f0500c0500f0500c0500f0500c0500f0500f0500f0500f05000000\\\\n011000000000000000000000000000000000000000000000000000000000000000000000000000000000000000000000000000000000000000000000000000000000000000000000000000000000000000000000' };"`;

exports[`p8tojs convert exports with base64 encoding if specified 1`] = `"export default { gfx: 'AAAAAAAAAAAAAAAAAAAAAAAAAAAAAAAAAAAAAAAAAAAAAAAAAAAAAAAAAAAAAAAAAAAAAAAAAAAAAAAAAAAAAA==', lua: '', music: 'AA==', sfx: 'ARQAAA8FAPBQDAUA8FAMBQDwUAwFAPBQDAUA8FAMBQDwUAwFAPBQDwUAwFAPBQDAUA8FAPBQDAUA8FAMBQDwUAwFAPBQDAUA8FAPBQDwUA8FAAAA' };"`;

exports[`p8tojs convert for export=commonjs, creates a JS file with a module.exports 1`] = `"module.exports = { gfx: '00000000000000000000000000000000000000000000000000000000000000000000000000000000000000000000000000000000000000000000000000000000\\\\n00000000000000000000000000000000000000000000000000000000000000000000000000000000000000000000000000000000000000000000000000000000\\\\n00700700000000000000000000000000000000000000000000000000000000000000000000000000000000000000000000000000000000000000000000000000\\\\n00077000000000000000000000000000000000000000000000000000000000000000000000000000000000000000000000000000000000000000000000000000\\\\n00077000000000000000000000000000000000000000000000000000000000000000000000000000000000000000000000000000000000000000000000000000\\\\n00700700000000000000000000000000000000000000000000000000000000000000000000000000000000000000000000000000000000000000000000000000', lua: '', music: '00 00424344', sfx: '011400000f0500f0500c0500f0500c0500f0500c0500f0500c0500f0500c0500f0500c0500f0500f0500c0500f0500c0500f0500f0500c0500f0500c0500f0500c0500f0500c0500f0500f0500f0500f05000000\\\\n011000000000000000000000000000000000000000000000000000000000000000000000000000000000000000000000000000000000000000000000000000000000000000000000000000000000000000000000' };"`;

exports[`p8tojs convert for export=default, creates a JS file with a default export 1`] = `"export default { gfx: '00000000000000000000000000000000000000000000000000000000000000000000000000000000000000000000000000000000000000000000000000000000\\\\n00000000000000000000000000000000000000000000000000000000000000000000000000000000000000000000000000000000000000000000000000000000\\\\n00700700000000000000000000000000000000000000000000000000000000000000000000000000000000000000000000000000000000000000000000000000\\\\n00077000000000000000000000000000000000000000000000000000000000000000000000000000000000000000000000000000000000000000000000000000\\\\n00077000000000000000000000000000000000000000000000000000000000000000000000000000000000000000000000000000000000000000000000000000\\\\n00700700000000000000000000000000000000000000000000000000000000000000000000000000000000000000000000000000000000000000000000000000', lua: '', music: '00 00424344', sfx: '011400000f0500f0500c0500f0500c0500f0500c0500f0500c0500f0500c0500f0500c0500f0500f0500c0500f0500c0500f0500f0500c0500f0500c0500f0500c0500f0500c0500f0500f0500f0500f05000000\\\\n011000000000000000000000000000000000000000000000000000000000000000000000000000000000000000000000000000000000000000000000000000000000000000000000000000000000000000000000' };"`;

exports[`p8tojs convert for export=json, creates a JSON file 1`] = `
"{
  \\"lua\\": \\"\\",
  \\"gfx\\": \\"00000000000000000000000000000000000000000000000000000000000000000000000000000000000000000000000000000000000000000000000000000000\\\\n00000000000000000000000000000000000000000000000000000000000000000000000000000000000000000000000000000000000000000000000000000000\\\\n00700700000000000000000000000000000000000000000000000000000000000000000000000000000000000000000000000000000000000000000000000000\\\\n00077000000000000000000000000000000000000000000000000000000000000000000000000000000000000000000000000000000000000000000000000000\\\\n00077000000000000000000000000000000000000000000000000000000000000000000000000000000000000000000000000000000000000000000000000000\\\\n00700700000000000000000000000000000000000000000000000000000000000000000000000000000000000000000000000000000000000000000000000000\\",
  \\"sfx\\": \\"011400000f0500f0500c0500f0500c0500f0500c0500f0500c0500f0500c0500f0500c0500f0500f0500c0500f0500c0500f0500f0500c0500f0500c0500f0500c0500f0500c0500f0500f0500f0500f05000000\\\\n011000000000000000000000000000000000000000000000000000000000000000000000000000000000000000000000000000000000000000000000000000000000000000000000000000000000000000000000\\",
  \\"music\\": \\"00 00424344\\"
}"
`;

exports[`p8tojs convert limits the selected sections if sections are specified 1`] = `"export default { lua: '', sfx: '011400000f0500f0500c0500f0500c0500f0500c0500f0500c0500f0500c0500f0500c0500f0500f0500c0500f0500c0500f0500f0500c0500f0500c0500f0500c0500f0500c0500f0500f0500f0500f05000000\\\\n011000000000000000000000000000000000000000000000000000000000000000000000000000000000000000000000000000000000000000000000000000000000000000000000000000000000000000000000' };"`;
